// Vitest Snapshot v1

exports[`<SettingList /> > サービス選択あり・URI形式両側のリポジトリにレコードあり・タグ形式リポジトリに1レコードあり 1`] = `"<div class=\\"MuiStack-root css-xxxxxxxx\\"><div class=\\"MuiBox-root css-xxxxxxxx\\" aria-live=\\"polite\\"><div class=\\"MuiStack-root css-xxxxxxxx\\"><h5 class=\\"MuiTypography-root MuiTypography-h5 MuiTypography-root css-xxxxxxxx\\">URI形式ヘッダータイトル</h5><div class=\\"MuiBox-root css-xxxxxxxx\\" aria-live=\\"polite\\"><div class=\\"MuiStack-root css-xxxxxxxx\\"><h6 class=\\"MuiTypography-root MuiTypography-h6 MuiTypography-root css-xxxxxxxx\\">リリース対象サービス</h6><button class=\\"MuiButtonBase-root MuiButton-root MuiButton-contained MuiButton-containedPrimary MuiButton-sizeSmall MuiButton-containedSizeSmall MuiButton-root MuiButtonBase-root css-xxxxxxxx\\" tabindex=\\"0\\" title=\\"test1 を選択\\" type=\\"button\\">test1<span class=\\"MuiTouchRipple-root css-xxxxxxxx\\"></span></button><button class=\\"MuiButtonBase-root MuiButton-root MuiButton-outlined MuiButton-outlinedInherit MuiButton-sizeSmall MuiButton-outlinedSizeSmall MuiButton-colorInherit MuiButton-root MuiButtonBase-root css-xxxxxxxx\\" tabindex=\\"0\\" title=\\"test2 を選択\\" type=\\"button\\">test2<span class=\\"MuiTouchRipple-root css-xxxxxxxx\\"></span></button></div></div><div class=\\"MuiTableContainer-root css-xxxxxxxx\\"><table class=\\"MuiTable-root css-xxxxxxxx\\" aria-label=\\"simple table\\"><thead class=\\"MuiTableHead-root css-xxxxxxxx\\"><tr class=\\"MuiTableRow-root css-xxxxxxxx\\"><td class=\\"MuiTableCell-root MuiTableCell-head MuiTableCell-sizeMedium MuiTableCell-root css-xxxxxxxx\\" scope=\\"col\\">設定　　　　　　　　　　</td><td class=\\"MuiTableCell-root MuiTableCell-head MuiTableCell-sizeMedium MuiTableCell-root css-xxxxxxxx\\" scope=\\"col\\">イメージURI　　　　　　　　　　　　　　　　　　　　　　　　　　　　　　　　　　　　　　　　</td><td class=\\"MuiTableCell-root MuiTableCell-head MuiTableCell-sizeMedium MuiTableCell-root css-xxxxxxxx\\" scope=\\"col\\">リリース日時　　　　　　</td></tr></thead><tbody class=\\"MuiTableBody-root css-xxxxxxxx\\"><tr class=\\"MuiTableRow-root css-xxxxxxxx\\"><th class=\\"MuiTableCell-root MuiTableCell-body MuiTableCell-sizeMedium MuiTableCell-root css-xxxxxxxx\\" scope=\\"row\\"><button class=\\"MuiButtonBase-root MuiButton-root MuiButton-contained MuiButton-containedPrimary MuiButton-sizeSmall MuiButton-containedSizeSmall MuiButton-root MuiButtonBase-root css-xxxxxxxx\\" tabindex=\\"0\\" title=\\"test環境のリリース設定画面を開く\\" type=\\"button\\">test環境設定<span class=\\"MuiTouchRipple-root css-xxxxxxxx\\"></span></button></th><td class=\\"MuiTableCell-root MuiTableCell-body MuiTableCell-sizeMedium MuiTableCell-root css-xxxxxxxx\\"><p class=\\"MuiTypography-root MuiTypography-body1 MuiTypography-root css-xxxxxxxx\\">前回：testtesttest</p></td><td class=\\"MuiTableCell-root MuiTableCell-body MuiTableCell-sizeMedium MuiTableCell-root css-xxxxxxxx\\"><p class=\\"MuiTypography-root MuiTypography-body1 MuiTypography-root css-xxxxxxxx\\">前回：2023-05-14 22:05</p></td></tr><tr class=\\"MuiTableRow-root css-xxxxxxxx\\"><th class=\\"MuiTableCell-root MuiTableCell-body MuiTableCell-sizeMedium MuiTableCell-root css-xxxxxxxx\\" scope=\\"row\\"><button class=\\"MuiButtonBase-root MuiButton-root MuiButton-contained MuiButton-containedPrimary MuiButton-sizeSmall MuiButton-containedSizeSmall MuiButton-root MuiButtonBase-root css-xxxxxxxx\\" tabindex=\\"0\\" title=\\"ステージング環境のリリース設定画面を開く\\" type=\\"button\\">ステージング環境設定<span class=\\"MuiTouchRipple-root css-xxxxxxxx\\"></span></button></th><td class=\\"MuiTableCell-root MuiTableCell-body MuiTableCell-sizeMedium MuiTableCell-root css-xxxxxxxx\\"><p class=\\"MuiTypography-root MuiTypography-body1 MuiTypography-root css-xxxxxxxx\\">次回：foobarbaz<span class=\\"MuiButtonBase-root MuiIconButton-root MuiIconButton-colorPrimary MuiIconButton-sizeSmall MuiIconButton-root MuiButtonBase-root css-xxxxxxxx\\" tabindex=\\"0\\" aria-label=\\"info\\" title=\\"前回：foobar | 2023-05-11 04:05\\"><svg class=\\"MuiSvgIcon-root MuiSvgIcon-fontSizeMedium MuiSvgIcon-root css-xxxxxxxx\\" data-testid=\\"InfoIcon\\" focusable=\\"false\\" aria-hidden=\\"true\\" viewBox=\\"0 0 24 24\\"><path d=\\"M0 0h24v24H0z\\" fill=\\"none\\"></path><path d=\\"M12 2C6.48 2 2 6.48 2 12s4.48 10 10 10 10-4.48 10-10S17.52 2 12 2zm1 15h-2v-6h2v6zm0-8h-2V7h2v2z\\"></path></svg><span class=\\"MuiTouchRipple-root css-xxxxxxxx\\"></span></span></p></td><td class=\\"MuiTableCell-root MuiTableCell-body MuiTableCell-sizeMedium MuiTableCell-root css-xxxxxxxx\\"><p class=\\"MuiTypography-root MuiTypography-body1 MuiTypography-root css-xxxxxxxx\\">次回：2023-05-15 04:05</p></td></tr><tr class=\\"MuiTableRow-root css-xxxxxxxx\\"><th class=\\"MuiTableCell-root MuiTableCell-body MuiTableCell-sizeMedium MuiTableCell-root css-xxxxxxxx\\" scope=\\"row\\"><button class=\\"MuiButtonBase-root MuiButton-root MuiButton-contained MuiButton-containedPrimary MuiButton-sizeSmall MuiButton-containedSizeSmall MuiButton-root MuiButtonBase-root css-xxxxxxxx\\" tabindex=\\"0\\" title=\\"本番環境のリリース設定画面を開く\\" type=\\"button\\">本番環境設定<span class=\\"MuiTouchRipple-root css-xxxxxxxx\\"></span></button></th><td class=\\"MuiTableCell-root MuiTableCell-body MuiTableCell-sizeMedium MuiTableCell-root css-xxxxxxxx\\"><p class=\\"MuiTypography-root MuiTypography-body1 MuiTypography-root css-xxxxxxxx\\">次回：hogefuga</p></td><td class=\\"MuiTableCell-root MuiTableCell-body MuiTableCell-sizeMedium MuiTableCell-root css-xxxxxxxx\\"><p class=\\"MuiTypography-root MuiTypography-body1 MuiTypography-root css-xxxxxxxx\\">次回：2023-05-17 23:05</p></td></tr></tbody></table></div></div></div><div class=\\"MuiBox-root css-xxxxxxxx\\" aria-live=\\"polite\\"></div><div class=\\"MuiBox-root css-xxxxxxxx\\" aria-live=\\"polite\\"><div class=\\"MuiStack-root css-xxxxxxxx\\"><h5 class=\\"MuiTypography-root MuiTypography-h5 MuiTypography-root css-xxxxxxxx\\">タグ形式ヘッダータイトル</h5><div class=\\"MuiTableContainer-root css-xxxxxxxx\\"><table class=\\"MuiTable-root css-xxxxxxxx\\" aria-label=\\"simple table\\"><thead class=\\"MuiTableHead-root css-xxxxxxxx\\"><tr class=\\"MuiTableRow-root css-xxxxxxxx\\"><td class=\\"MuiTableCell-root MuiTableCell-head MuiTableCell-sizeMedium MuiTableCell-root css-xxxxxxxx\\" scope=\\"col\\">設定　　　　　　　　　　</td><td class=\\"MuiTableCell-root MuiTableCell-head MuiTableCell-sizeMedium MuiTableCell-root css-xxxxxxxx\\" scope=\\"col\\">リリース対象イメージタグ　　　　　　　　　　　　　　　　　　　　　　　　　　　　　　　　　　　　　　　　　　　　　　　　</td></tr></thead><tbody class=\\"MuiTableBody-root css-xxxxxxxx\\"><tr class=\\"MuiTableRow-root css-xxxxxxxx\\"><th class=\\"MuiTableCell-root MuiTableCell-body MuiTableCell-sizeMedium MuiTableCell-root css-xxxxxxxx\\" scope=\\"row\\"><button class=\\"MuiButtonBase-root MuiButton-root MuiButton-contained MuiButton-containedPrimary MuiButton-sizeSmall MuiButton-containedSizeSmall MuiButton-root MuiButtonBase-root css-xxxxxxxx\\" tabindex=\\"0\\" title=\\"開発環境のリリース設定画面を開く\\" type=\\"button\\">開発環境設定<span class=\\"MuiTouchRipple-root css-xxxxxxxx\\"></span></button></th><td class=\\"MuiTableCell-root MuiTableCell-body MuiTableCell-sizeMedium MuiTableCell-root css-xxxxxxxx\\"><p class=\\"MuiTypography-root MuiTypography-body1 MuiTypography-root css-xxxxxxxx\\">hogefuga, latest</p></td></tr><tr class=\\"MuiTableRow-root css-xxxxxxxx\\"><th class=\\"MuiTableCell-root MuiTableCell-body MuiTableCell-sizeMedium MuiTableCell-root css-xxxxxxxx\\" scope=\\"row\\"><button class=\\"MuiButtonBase-root MuiButton-root MuiButton-contained MuiButton-containedPrimary MuiButton-sizeSmall MuiButton-containedSizeSmall MuiButton-root MuiButtonBase-root css-xxxxxxxx\\" tabindex=\\"0\\" title=\\"本番環境のリリース設定画面を開く\\" type=\\"button\\">本番環境設定<span class=\\"MuiTouchRipple-root css-xxxxxxxx\\"></span></button></th><td class=\\"MuiTableCell-root MuiTableCell-body MuiTableCell-sizeMedium MuiTableCell-root css-xxxxxxxx\\"><p class=\\"MuiTypography-root MuiTypography-body1 MuiTypography-root css-xxxxxxxx\\">release, foobar</p></td></tr></tbody></table></div></div></div></div>"`;

exports[`<SettingList /> > サービス選択あり・URI形式両側のリポジトリにレコードなし・タグ形式リポジトリにレコードなし 1`] = `"<div class=\\"MuiStack-root css-xxxxxxxx\\"><div class=\\"MuiBox-root css-xxxxxxxx\\" aria-live=\\"polite\\"><div class=\\"MuiStack-root css-xxxxxxxx\\"><h5 class=\\"MuiTypography-root MuiTypography-h5 MuiTypography-root css-xxxxxxxx\\">URI形式ヘッダータイトル</h5><div class=\\"MuiBox-root css-xxxxxxxx\\" aria-live=\\"polite\\"><div class=\\"MuiStack-root css-xxxxxxxx\\"><h6 class=\\"MuiTypography-root MuiTypography-h6 MuiTypography-root css-xxxxxxxx\\">リリース対象サービス</h6><button class=\\"MuiButtonBase-root MuiButton-root MuiButton-contained MuiButton-containedPrimary MuiButton-sizeSmall MuiButton-containedSizeSmall MuiButton-root MuiButtonBase-root css-xxxxxxxx\\" tabindex=\\"0\\" title=\\"test1 を選択\\" type=\\"button\\">test1<span class=\\"MuiTouchRipple-root css-xxxxxxxx\\"></span></button><button class=\\"MuiButtonBase-root MuiButton-root MuiButton-outlined MuiButton-outlinedInherit MuiButton-sizeSmall MuiButton-outlinedSizeSmall MuiButton-colorInherit MuiButton-root MuiButtonBase-root css-xxxxxxxx\\" tabindex=\\"0\\" title=\\"test2 を選択\\" type=\\"button\\">test2<span class=\\"MuiTouchRipple-root css-xxxxxxxx\\"></span></button></div></div><h6 class=\\"MuiTypography-root MuiTypography-h6 MuiTypography-root css-xxxxxxxx\\">リポジトリにイメージがありません</h6></div></div><div class=\\"MuiBox-root css-xxxxxxxx\\" aria-live=\\"polite\\"></div><div class=\\"MuiBox-root css-xxxxxxxx\\" aria-live=\\"polite\\"><div class=\\"MuiStack-root css-xxxxxxxx\\"><h5 class=\\"MuiTypography-root MuiTypography-h5 MuiTypography-root css-xxxxxxxx\\">タグ形式ヘッダータイトル</h5><h6 class=\\"MuiTypography-root MuiTypography-h6 MuiTypography-root css-xxxxxxxx\\">リポジトリにイメージがありません</h6></div></div></div>"`;

exports[`<SettingList /> > サービス選択なし・URI形式両側のリポジトリにレコードなし・タグ形式リポジトリに1レコードあり 1`] = `"<div class=\\"MuiStack-root css-xxxxxxxx\\"><div class=\\"MuiBox-root css-xxxxxxxx\\" aria-live=\\"polite\\"><div class=\\"MuiStack-root css-xxxxxxxx\\"><h5 class=\\"MuiTypography-root MuiTypography-h5 MuiTypography-root css-xxxxxxxx\\">URI形式ヘッダータイトル</h5><div class=\\"MuiBox-root css-xxxxxxxx\\" aria-live=\\"polite\\"><div class=\\"MuiStack-root css-xxxxxxxx\\"><h6 class=\\"MuiTypography-root MuiTypography-h6 MuiTypography-root css-xxxxxxxx\\">リリース対象サービス</h6><button class=\\"MuiButtonBase-root MuiButton-root MuiButton-outlined MuiButton-outlinedInherit MuiButton-sizeSmall MuiButton-outlinedSizeSmall MuiButton-colorInherit MuiButton-root MuiButtonBase-root css-xxxxxxxx\\" tabindex=\\"0\\" title=\\"test1 を選択\\" type=\\"button\\">test1<span class=\\"MuiTouchRipple-root css-xxxxxxxx\\"></span></button><button class=\\"MuiButtonBase-root MuiButton-root MuiButton-outlined MuiButton-outlinedInherit MuiButton-sizeSmall MuiButton-outlinedSizeSmall MuiButton-colorInherit MuiButton-root MuiButtonBase-root css-xxxxxxxx\\" tabindex=\\"0\\" title=\\"test2 を選択\\" type=\\"button\\">test2<span class=\\"MuiTouchRipple-root css-xxxxxxxx\\"></span></button></div></div><h6 class=\\"MuiTypography-root MuiTypography-h6 MuiTypography-root css-xxxxxxxx\\">リリース対象サービスが未選択です</h6></div></div><div class=\\"MuiBox-root css-xxxxxxxx\\" aria-live=\\"polite\\"></div><div class=\\"MuiBox-root css-xxxxxxxx\\" aria-live=\\"polite\\"><div class=\\"MuiStack-root css-xxxxxxxx\\"><h5 class=\\"MuiTypography-root MuiTypography-h5 MuiTypography-root css-xxxxxxxx\\">タグ形式ヘッダータイトル</h5><div class=\\"MuiTableContainer-root css-xxxxxxxx\\"><table class=\\"MuiTable-root css-xxxxxxxx\\" aria-label=\\"simple table\\"><thead class=\\"MuiTableHead-root css-xxxxxxxx\\"><tr class=\\"MuiTableRow-root css-xxxxxxxx\\"><td class=\\"MuiTableCell-root MuiTableCell-head MuiTableCell-sizeMedium MuiTableCell-root css-xxxxxxxx\\" scope=\\"col\\">設定　　　　　　　　　　</td><td class=\\"MuiTableCell-root MuiTableCell-head MuiTableCell-sizeMedium MuiTableCell-root css-xxxxxxxx\\" scope=\\"col\\">リリース対象イメージタグ　　　　　　　　　　　　　　　　　　　　　　　　　　　　　　　　　　　　　　　　　　　　　　　　</td></tr></thead><tbody class=\\"MuiTableBody-root css-xxxxxxxx\\"><tr class=\\"MuiTableRow-root css-xxxxxxxx\\"><th class=\\"MuiTableCell-root MuiTableCell-body MuiTableCell-sizeMedium MuiTableCell-root css-xxxxxxxx\\" scope=\\"row\\"><button class=\\"MuiButtonBase-root MuiButton-root MuiButton-contained MuiButton-containedPrimary MuiButton-sizeSmall MuiButton-containedSizeSmall MuiButton-root MuiButtonBase-root css-xxxxxxxx\\" tabindex=\\"0\\" title=\\"開発環境のリリース設定画面を開く\\" type=\\"button\\">開発環境設定<span class=\\"MuiTouchRipple-root css-xxxxxxxx\\"></span></button></th><td class=\\"MuiTableCell-root MuiTableCell-body MuiTableCell-sizeMedium MuiTableCell-root css-xxxxxxxx\\"><p class=\\"MuiTypography-root MuiTypography-body1 MuiTypography-root css-xxxxxxxx\\">tag-hogefuga, latest</p></td></tr></tbody></table></div></div></div></div>"`;

exports[`<SettingList /> > サービス選択なし・URI形式両側のリポジトリにレコードなし・タグ形式リポジトリにレコードなし 1`] = `"<div class=\\"MuiStack-root css-xxxxxxxx\\"><div class=\\"MuiBox-root css-xxxxxxxx\\" aria-live=\\"polite\\"><div class=\\"MuiStack-root css-xxxxxxxx\\"><h5 class=\\"MuiTypography-root MuiTypography-h5 MuiTypography-root css-xxxxxxxx\\">URI形式ヘッダータイトル</h5><div class=\\"MuiBox-root css-xxxxxxxx\\" aria-live=\\"polite\\"><div class=\\"MuiStack-root css-xxxxxxxx\\"><h6 class=\\"MuiTypography-root MuiTypography-h6 MuiTypography-root css-xxxxxxxx\\">リリース対象サービス</h6><button class=\\"MuiButtonBase-root MuiButton-root MuiButton-outlined MuiButton-outlinedInherit MuiButton-sizeSmall MuiButton-outlinedSizeSmall MuiButton-colorInherit MuiButton-root MuiButtonBase-root css-xxxxxxxx\\" tabindex=\\"0\\" title=\\"test1 を選択\\" type=\\"button\\">test1<span class=\\"MuiTouchRipple-root css-xxxxxxxx\\"></span></button><button class=\\"MuiButtonBase-root MuiButton-root MuiButton-outlined MuiButton-outlinedInherit MuiButton-sizeSmall MuiButton-outlinedSizeSmall MuiButton-colorInherit MuiButton-root MuiButtonBase-root css-xxxxxxxx\\" tabindex=\\"0\\" title=\\"test2 を選択\\" type=\\"button\\">test2<span class=\\"MuiTouchRipple-root css-xxxxxxxx\\"></span></button></div></div><h6 class=\\"MuiTypography-root MuiTypography-h6 MuiTypography-root css-xxxxxxxx\\">リリース対象サービスが未選択です</h6></div></div><div class=\\"MuiBox-root css-xxxxxxxx\\" aria-live=\\"polite\\"></div><div class=\\"MuiBox-root css-xxxxxxxx\\" aria-live=\\"polite\\"><div class=\\"MuiStack-root css-xxxxxxxx\\"><h5 class=\\"MuiTypography-root MuiTypography-h5 MuiTypography-root css-xxxxxxxx\\">タグ形式ヘッダータイトル</h5><h6 class=\\"MuiTypography-root MuiTypography-h6 MuiTypography-root css-xxxxxxxx\\">リポジトリにイメージがありません</h6></div></div></div>"`;

exports[`<SettingList /> > 未fetch 1`] = `"<div class=\\"MuiStack-root css-xxxxxxxx\\"><div class=\\"MuiBox-root css-xxxxxxxx\\" aria-live=\\"polite\\"></div></div>"`;
