// Vitest Snapshot v1

exports[`<TagSettingList /> > リポジトリにレコード1つ 1`] = `"<div aria-live=\\"polite\\" class=\\"MuiBox-root css-xxxxxxxx\\"><div class=\\"MuiStack-root css-xxxxxxxx\\"><h5 class=\\"MuiTypography-root MuiTypography-h5 MuiTypography-root css-xxxxxxxx\\">ヘッダータイトル2</h5><div class=\\"MuiTableContainer-root css-xxxxxxxx\\"><table aria-label=\\"simple table\\" class=\\"MuiTable-root css-xxxxxxxx\\"><thead class=\\"MuiTableHead-root css-xxxxxxxx\\"><tr class=\\"MuiTableRow-root css-xxxxxxxx\\"><td scope=\\"col\\" class=\\"MuiTableCell-root MuiTableCell-head MuiTableCell-sizeMedium MuiTableCell-root css-xxxxxxxx\\">設定　　　　　　　　　　</td><td scope=\\"col\\" class=\\"MuiTableCell-root MuiTableCell-head MuiTableCell-sizeMedium MuiTableCell-root css-xxxxxxxx\\">リリース対象イメージタグ　　　　　　　　　　　　　　　　　　　　　　　　　　　　　　　　　　　　　　　　　　　　　　　　</td></tr></thead><tbody class=\\"MuiTableBody-root css-xxxxxxxx\\"><tr class=\\"MuiTableRow-root css-xxxxxxxx\\"><th scope=\\"row\\" class=\\"MuiTableCell-root MuiTableCell-body MuiTableCell-sizeMedium MuiTableCell-root css-xxxxxxxx\\"><button type=\\"button\\" class=\\"MuiButtonBase-root MuiButton-root MuiButton-contained MuiButton-containedPrimary MuiButton-sizeSmall MuiButton-containedSizeSmall MuiButton-root MuiButtonBase-root css-xxxxxxxx\\" title=\\"本番環境のリリース設定画面を開く\\" tabindex=\\"0\\">本番環境設定<span class=\\"MuiTouchRipple-root css-xxxxxxxx\\"></span></button></th><td class=\\"MuiTableCell-root MuiTableCell-body MuiTableCell-sizeMedium MuiTableCell-root css-xxxxxxxx\\"><p class=\\"MuiTypography-root MuiTypography-body1 MuiTypography-root css-xxxxxxxx\\">release, testtest</p></td></tr></tbody></table></div></div></div>"`;

exports[`<TagSettingList /> > リポジトリにレコード2つ 1`] = `"<div aria-live=\\"polite\\" class=\\"MuiBox-root css-xxxxxxxx\\"><div class=\\"MuiStack-root css-xxxxxxxx\\"><h5 class=\\"MuiTypography-root MuiTypography-h5 MuiTypography-root css-xxxxxxxx\\">ヘッダータイトル3</h5><div class=\\"MuiTableContainer-root css-xxxxxxxx\\"><table aria-label=\\"simple table\\" class=\\"MuiTable-root css-xxxxxxxx\\"><thead class=\\"MuiTableHead-root css-xxxxxxxx\\"><tr class=\\"MuiTableRow-root css-xxxxxxxx\\"><td scope=\\"col\\" class=\\"MuiTableCell-root MuiTableCell-head MuiTableCell-sizeMedium MuiTableCell-root css-xxxxxxxx\\">設定　　　　　　　　　　</td><td scope=\\"col\\" class=\\"MuiTableCell-root MuiTableCell-head MuiTableCell-sizeMedium MuiTableCell-root css-xxxxxxxx\\">リリース対象イメージタグ　　　　　　　　　　　　　　　　　　　　　　　　　　　　　　　　　　　　　　　　　　　　　　　　</td></tr></thead><tbody class=\\"MuiTableBody-root css-xxxxxxxx\\"><tr class=\\"MuiTableRow-root css-xxxxxxxx\\"><th scope=\\"row\\" class=\\"MuiTableCell-root MuiTableCell-body MuiTableCell-sizeMedium MuiTableCell-root css-xxxxxxxx\\"><button type=\\"button\\" class=\\"MuiButtonBase-root MuiButton-root MuiButton-contained MuiButton-containedPrimary MuiButton-sizeSmall MuiButton-containedSizeSmall MuiButton-root MuiButtonBase-root css-xxxxxxxx\\" title=\\"開発環境のリリース設定画面を開く\\" tabindex=\\"0\\">開発環境設定<span class=\\"MuiTouchRipple-root css-xxxxxxxx\\"></span></button></th><td class=\\"MuiTableCell-root MuiTableCell-body MuiTableCell-sizeMedium MuiTableCell-root css-xxxxxxxx\\"><p class=\\"MuiTypography-root MuiTypography-body1 MuiTypography-root css-xxxxxxxx\\">hogefuga, latest</p></td></tr><tr class=\\"MuiTableRow-root css-xxxxxxxx\\"><th scope=\\"row\\" class=\\"MuiTableCell-root MuiTableCell-body MuiTableCell-sizeMedium MuiTableCell-root css-xxxxxxxx\\"><button type=\\"button\\" class=\\"MuiButtonBase-root MuiButton-root MuiButton-contained MuiButton-containedPrimary MuiButton-sizeSmall MuiButton-containedSizeSmall MuiButton-root MuiButtonBase-root css-xxxxxxxx\\" title=\\"本番環境のリリース設定画面を開く\\" tabindex=\\"0\\">本番環境設定<span class=\\"MuiTouchRipple-root css-xxxxxxxx\\"></span></button></th><td class=\\"MuiTableCell-root MuiTableCell-body MuiTableCell-sizeMedium MuiTableCell-root css-xxxxxxxx\\"><p class=\\"MuiTypography-root MuiTypography-body1 MuiTypography-root css-xxxxxxxx\\">release, testtest</p></td></tr></tbody></table></div></div></div>"`;

exports[`<TagSettingList /> > 色設定なし・リポジトリにレコードなし 1`] = `"<div aria-live=\\"polite\\" class=\\"MuiBox-root css-xxxxxxxx\\"><div class=\\"MuiStack-root css-xxxxxxxx\\"><h5 class=\\"MuiTypography-root MuiTypography-h5 MuiTypography-root css-xxxxxxxx\\">ヘッダータイトル1</h5><h6 class=\\"MuiTypography-root MuiTypography-h6 MuiTypography-root css-xxxxxxxx\\">リポジトリにイメージがありません</h6></div></div>"`;
