// Vitest Snapshot v1

exports[`<TitleBar /> > タイトルバー表示 1`] = `"<div class=\\"MuiPaper-root MuiPaper-elevation MuiPaper-elevation4 MuiAppBar-root MuiAppBar-colorPrimary MuiAppBar-positionStatic MuiAppBar-root MuiPaper-root css-xxxxxxxx\\"><div class=\\"MuiStack-root css-xxxxxxxx\\"><div class=\\"MuiTypography-root MuiTypography-h6 MuiTypography-root css-xxxxxxxx\\">コンテナリリースイメージ一覧</div><div title=\\"再読み込み\\" class=\\"MuiBox-root css-xxxxxxxx\\"><button type=\\"button\\" aria-label=\\"reload\\" tabindex=\\"0\\" class=\\"MuiButtonBase-root MuiIconButton-root MuiIconButton-colorInherit MuiIconButton-edgeStart MuiIconButton-sizeSmall MuiIconButton-root MuiButtonBase-root css-xxxxxxxx\\"><svg aria-hidden=\\"true\\" viewBox=\\"0 0 24 24\\" focusable=\\"false\\" data-testid=\\"ReplayIcon\\" class=\\"MuiSvgIcon-root MuiSvgIcon-fontSizeMedium MuiSvgIcon-root css-xxxxxxxx\\"><path d=\\"M0 0h24v24H0z\\" fill=\\"none\\"></path><path d=\\"M12 5V1L7 6l5 5V7c3.31 0 6 2.69 6 6s-2.69 6-6 6-6-2.69-6-6H4c0 4.42 3.58 8 8 8s8-3.58 8-8-3.58-8-8-8z\\"></path></svg>Reload<span class=\\"MuiTouchRipple-root css-xxxxxxxx\\"></span></button></div></div></div>"`;

exports[`<TitleBar /> > タイトルバー表示 2`] = `"<div class=\\"MuiPaper-root MuiPaper-elevation MuiPaper-elevation4 MuiAppBar-root MuiAppBar-colorPrimary MuiAppBar-positionStatic MuiAppBar-root MuiPaper-root css-xxxxxxxx\\"><div class=\\"MuiStack-root css-xxxxxxxx\\"><div class=\\"MuiTypography-root MuiTypography-h6 MuiTypography-root css-xxxxxxxx\\">コンテナリリースイメージ一覧</div><div title=\\"再読み込み\\" class=\\"MuiBox-root css-xxxxxxxx\\"><button type=\\"button\\" aria-label=\\"reload\\" tabindex=\\"0\\" class=\\"MuiButtonBase-root MuiIconButton-root MuiIconButton-colorInherit MuiIconButton-edgeStart MuiIconButton-sizeSmall MuiIconButton-root MuiButtonBase-root css-xxxxxxxx\\"><svg aria-hidden=\\"true\\" viewBox=\\"0 0 24 24\\" focusable=\\"false\\" data-testid=\\"ReplayIcon\\" class=\\"MuiSvgIcon-root MuiSvgIcon-fontSizeMedium MuiSvgIcon-root css-xxxxxxxx\\"><path d=\\"M0 0h24v24H0z\\" fill=\\"none\\"></path><path d=\\"M12 5V1L7 6l5 5V7c3.31 0 6 2.69 6 6s-2.69 6-6 6-6-2.69-6-6H4c0 4.42 3.58 8 8 8s8-3.58 8-8-3.58-8-8-8z\\"></path></svg>Reload<span class=\\"MuiTouchRipple-root css-xxxxxxxx\\"></span></button></div></div></div>"`;
