// Vitest Snapshot v1

exports[`<UriSettingListParts /> > サービス1つ・環境1つ（ステージング）・リポジトリにレコード1つ（過去リリースあり） 1`] = `"<tr class=\\"MuiTableRow-root css-xxxxxxxx\\"><th class=\\"MuiTableCell-root MuiTableCell-sizeMedium MuiTableCell-root css-xxxxxxxx\\" scope=\\"row\\"><button class=\\"MuiButtonBase-root MuiButton-root MuiButton-contained MuiButton-containedPrimary MuiButton-sizeSmall MuiButton-containedSizeSmall MuiButton-root MuiButtonBase-root css-xxxxxxxx\\" tabindex=\\"0\\" title=\\"ステージング環境のリリース設定画面を開く\\" type=\\"button\\">ステージング環境設定<span class=\\"MuiTouchRipple-root css-xxxxxxxx\\"></span></button></th><td class=\\"MuiTableCell-root MuiTableCell-sizeMedium MuiTableCell-root css-xxxxxxxx\\"><p class=\\"MuiTypography-root MuiTypography-body1 MuiTypography-root css-xxxxxxxx\\">前回：hogefuga</p></td><td class=\\"MuiTableCell-root MuiTableCell-sizeMedium MuiTableCell-root css-xxxxxxxx\\"><p class=\\"MuiTypography-root MuiTypography-body1 MuiTypography-root css-xxxxxxxx\\">前回：2023-05-11 04:05</p></td></tr>"`;

exports[`<UriSettingListParts /> > サービス1つ・環境1つ（ステージング）・リポジトリにレコード1つ（過去リリースおよびリリースセットあり） 1`] = `"<tr class=\\"MuiTableRow-root css-xxxxxxxx\\"><th class=\\"MuiTableCell-root MuiTableCell-sizeMedium MuiTableCell-root css-xxxxxxxx\\" scope=\\"row\\"><button class=\\"MuiButtonBase-root MuiButton-root MuiButton-contained MuiButton-containedPrimary MuiButton-sizeSmall MuiButton-containedSizeSmall MuiButton-root MuiButtonBase-root css-xxxxxxxx\\" tabindex=\\"0\\" title=\\"ステージング環境のリリース設定画面を開く\\" type=\\"button\\">ステージング環境設定<span class=\\"MuiTouchRipple-root css-xxxxxxxx\\"></span></button></th><td class=\\"MuiTableCell-root MuiTableCell-sizeMedium MuiTableCell-root css-xxxxxxxx\\"><p class=\\"MuiTypography-root MuiTypography-body1 MuiTypography-root css-xxxxxxxx\\">次回：hogefuga<span class=\\"MuiButtonBase-root MuiIconButton-root MuiIconButton-colorPrimary MuiIconButton-sizeSmall MuiIconButton-root MuiButtonBase-root css-xxxxxxxx\\" tabindex=\\"0\\" aria-label=\\"info\\" title=\\"前回：foobar | 2023-05-11 04:05\\"><svg class=\\"MuiSvgIcon-root MuiSvgIcon-fontSizeMedium MuiSvgIcon-root css-xxxxxxxx\\" data-testid=\\"InfoIcon\\" focusable=\\"false\\" aria-hidden=\\"true\\" viewBox=\\"0 0 24 24\\"><path d=\\"M0 0h24v24H0z\\" fill=\\"none\\"></path><path d=\\"M12 2C6.48 2 2 6.48 2 12s4.48 10 10 10 10-4.48 10-10S17.52 2 12 2zm1 15h-2v-6h2v6zm0-8h-2V7h2v2z\\"></path></svg><span class=\\"MuiTouchRipple-root css-xxxxxxxx\\"></span></span></p></td><td class=\\"MuiTableCell-root MuiTableCell-sizeMedium MuiTableCell-root css-xxxxxxxx\\"><p class=\\"MuiTypography-root MuiTypography-body1 MuiTypography-root css-xxxxxxxx\\">次回：2023-05-15 04:05</p></td></tr>"`;

exports[`<UriSettingListParts /> > サービス1つ・環境1つ（本番）・リポジトリにレコード1つ（リリースセットあり） 1`] = `"<tr class=\\"MuiTableRow-root css-xxxxxxxx\\"><th class=\\"MuiTableCell-root MuiTableCell-sizeMedium MuiTableCell-root css-xxxxxxxx\\" scope=\\"row\\"><button class=\\"MuiButtonBase-root MuiButton-root MuiButton-contained MuiButton-containedPrimary MuiButton-sizeSmall MuiButton-containedSizeSmall MuiButton-root MuiButtonBase-root css-xxxxxxxx\\" tabindex=\\"0\\" title=\\"本番環境のリリース設定画面を開く\\" type=\\"button\\">本番環境設定<span class=\\"MuiTouchRipple-root css-xxxxxxxx\\"></span></button></th><td class=\\"MuiTableCell-root MuiTableCell-sizeMedium MuiTableCell-root css-xxxxxxxx\\"><p class=\\"MuiTypography-root MuiTypography-body1 MuiTypography-root css-xxxxxxxx\\">次回：hogefuga</p></td><td class=\\"MuiTableCell-root MuiTableCell-sizeMedium MuiTableCell-root css-xxxxxxxx\\"><p class=\\"MuiTypography-root MuiTypography-body1 MuiTypography-root css-xxxxxxxx\\">次回：2023-05-15 04:05</p></td></tr>"`;

exports[`<UriSettingListParts /> > サービス2つ・環境1つ（本番）・リポジトリにレコード2つ（過去リリース：非表示およびリリースセット：表示あり） 1`] = `"<tr class=\\"MuiTableRow-root css-xxxxxxxx\\"><th class=\\"MuiTableCell-root MuiTableCell-sizeMedium MuiTableCell-root css-xxxxxxxx\\" scope=\\"row\\"><button class=\\"MuiButtonBase-root MuiButton-root MuiButton-contained MuiButton-containedPrimary MuiButton-sizeSmall MuiButton-containedSizeSmall MuiButton-root MuiButtonBase-root css-xxxxxxxx\\" tabindex=\\"0\\" title=\\"本番環境のリリース設定画面を開く\\" type=\\"button\\">本番環境設定<span class=\\"MuiTouchRipple-root css-xxxxxxxx\\"></span></button></th><td class=\\"MuiTableCell-root MuiTableCell-sizeMedium MuiTableCell-root css-xxxxxxxx\\"><p class=\\"MuiTypography-root MuiTypography-body1 MuiTypography-root css-xxxxxxxx\\">次回：hogefuga</p></td><td class=\\"MuiTableCell-root MuiTableCell-sizeMedium MuiTableCell-root css-xxxxxxxx\\"><p class=\\"MuiTypography-root MuiTypography-body1 MuiTypography-root css-xxxxxxxx\\">次回：2023-05-15 04:05</p></td></tr>"`;

exports[`<UriSettingListParts /> > サービス2つ・環境2つ（ステージング・本番）・リポジトリにレコード2つ（過去リリース：表示およびリリースセット：非表示あり） 1`] = `"<tr class=\\"MuiTableRow-root css-xxxxxxxx\\"><th class=\\"MuiTableCell-root MuiTableCell-sizeMedium MuiTableCell-root css-xxxxxxxx\\" scope=\\"row\\"><button class=\\"MuiButtonBase-root MuiButton-root MuiButton-contained MuiButton-containedPrimary MuiButton-sizeSmall MuiButton-containedSizeSmall MuiButton-root MuiButtonBase-root css-xxxxxxxx\\" tabindex=\\"0\\" title=\\"ステージング環境のリリース設定画面を開く\\" type=\\"button\\">ステージング環境設定<span class=\\"MuiTouchRipple-root css-xxxxxxxx\\"></span></button></th><td class=\\"MuiTableCell-root MuiTableCell-sizeMedium MuiTableCell-root css-xxxxxxxx\\"><p class=\\"MuiTypography-root MuiTypography-body1 MuiTypography-root css-xxxxxxxx\\">前回：foobar</p></td><td class=\\"MuiTableCell-root MuiTableCell-sizeMedium MuiTableCell-root css-xxxxxxxx\\"><p class=\\"MuiTypography-root MuiTypography-body1 MuiTypography-root css-xxxxxxxx\\">前回：2023-05-11 04:05</p></td></tr><tr class=\\"MuiTableRow-root css-xxxxxxxx\\"><th class=\\"MuiTableCell-root MuiTableCell-sizeMedium MuiTableCell-root css-xxxxxxxx\\" scope=\\"row\\"><button class=\\"MuiButtonBase-root MuiButton-root MuiButton-contained MuiButton-containedPrimary MuiButton-sizeSmall MuiButton-containedSizeSmall MuiButton-root MuiButtonBase-root css-xxxxxxxx\\" tabindex=\\"0\\" title=\\"本番環境のリリース設定画面を開く\\" type=\\"button\\">本番環境設定<span class=\\"MuiTouchRipple-root css-xxxxxxxx\\"></span></button></th><td class=\\"MuiTableCell-root MuiTableCell-sizeMedium MuiTableCell-root css-xxxxxxxx\\"><p class=\\"MuiTypography-root MuiTypography-body1 MuiTypography-root css-xxxxxxxx\\">（未設定）</p></td><td class=\\"MuiTableCell-root MuiTableCell-sizeMedium MuiTableCell-root css-xxxxxxxx\\"><p class=\\"MuiTypography-root MuiTypography-body1 MuiTypography-root css-xxxxxxxx\\">（未設定）</p></td></tr>"`;

exports[`<UriSettingListParts /> > 色設定なし・サービス1つ・環境1つ（本番）・リリースセットなし 1`] = `"<tr class=\\"MuiTableRow-root css-xxxxxxxx\\"><th class=\\"MuiTableCell-root MuiTableCell-sizeMedium MuiTableCell-root css-xxxxxxxx\\" scope=\\"row\\"><button class=\\"MuiButtonBase-root MuiButton-root MuiButton-contained MuiButton-containedPrimary MuiButton-sizeSmall MuiButton-containedSizeSmall MuiButton-root MuiButtonBase-root css-xxxxxxxx\\" tabindex=\\"0\\" title=\\"本番環境のリリース設定画面を開く\\" type=\\"button\\">本番環境設定<span class=\\"MuiTouchRipple-root css-xxxxxxxx\\"></span></button></th><td class=\\"MuiTableCell-root MuiTableCell-sizeMedium MuiTableCell-root css-xxxxxxxx\\"><p class=\\"MuiTypography-root MuiTypography-body1 MuiTypography-root css-xxxxxxxx\\">（未設定）</p></td><td class=\\"MuiTableCell-root MuiTableCell-sizeMedium MuiTableCell-root css-xxxxxxxx\\"><p class=\\"MuiTypography-root MuiTypography-body1 MuiTypography-root css-xxxxxxxx\\">（未設定）</p></td></tr>"`;
