// Vitest Snapshot v1

exports[`<UriSettingList /> > サービス選択あり・リモート側のリポジトリにレコードなし 1`] = `"<div aria-live=\\"polite\\" class=\\"MuiBox-root css-xxxxxxxx\\"><div class=\\"MuiStack-root css-xxxxxxxx\\"><h5 class=\\"MuiTypography-root MuiTypography-h5 MuiTypography-root css-xxxxxxxx\\"></h5><div aria-live=\\"polite\\" class=\\"MuiBox-root css-xxxxxxxx\\"><div>Loading...</div></div><h6 class=\\"MuiTypography-root MuiTypography-h6 MuiTypography-root css-xxxxxxxx\\">リポジトリにイメージがありません</h6></div></div>"`;

exports[`<UriSettingList /> > サービス選択あり・両側のリポジトリにレコードあり 1`] = `"<div aria-live=\\"polite\\" class=\\"MuiBox-root css-xxxxxxxx\\"><div class=\\"MuiStack-root css-xxxxxxxx\\"><h5 class=\\"MuiTypography-root MuiTypography-h5 MuiTypography-root css-xxxxxxxx\\"></h5><div aria-live=\\"polite\\" class=\\"MuiBox-root css-xxxxxxxx\\"><div>Loading...</div></div><div class=\\"MuiTableContainer-root css-xxxxxxxx\\"><table aria-label=\\"simple table\\" class=\\"MuiTable-root css-xxxxxxxx\\"><thead class=\\"MuiTableHead-root css-xxxxxxxx\\"><tr class=\\"MuiTableRow-root css-xxxxxxxx\\"><td scope=\\"col\\" class=\\"MuiTableCell-root MuiTableCell-head MuiTableCell-sizeMedium MuiTableCell-root css-xxxxxxxx\\">設定　　　　　　　　　　</td><td scope=\\"col\\" class=\\"MuiTableCell-root MuiTableCell-head MuiTableCell-sizeMedium MuiTableCell-root css-xxxxxxxx\\">イメージURI　　　　　　　　　　　　　　　　　　　　　　　　　　　　　　　　　　　　　　　　</td><td scope=\\"col\\" class=\\"MuiTableCell-root MuiTableCell-head MuiTableCell-sizeMedium MuiTableCell-root css-xxxxxxxx\\">リリース日時　　　　　　</td></tr></thead><tbody class=\\"MuiTableBody-root css-xxxxxxxx\\"><tr class=\\"MuiTableRow-root css-xxxxxxxx\\"><th scope=\\"row\\" class=\\"MuiTableCell-root MuiTableCell-body MuiTableCell-sizeMedium MuiTableCell-root css-xxxxxxxx\\"><button type=\\"button\\" class=\\"MuiButtonBase-root MuiButton-root MuiButton-contained MuiButton-containedPrimary MuiButton-sizeSmall MuiButton-containedSizeSmall MuiButton-root MuiButtonBase-root css-xxxxxxxx\\" title=\\"test環境のリリース設定画面を開く\\" tabindex=\\"0\\">test環境設定<span class=\\"MuiTouchRipple-root css-xxxxxxxx\\"></span></button></th><td class=\\"MuiTableCell-root MuiTableCell-body MuiTableCell-sizeMedium MuiTableCell-root css-xxxxxxxx\\"><p class=\\"MuiTypography-root MuiTypography-body1 MuiTypography-root css-xxxxxxxx\\">前回：testtesttest</p></td><td class=\\"MuiTableCell-root MuiTableCell-body MuiTableCell-sizeMedium MuiTableCell-root css-xxxxxxxx\\"><p class=\\"MuiTypography-root MuiTypography-body1 MuiTypography-root css-xxxxxxxx\\">前回：2023-05-14 22:05</p></td></tr><tr class=\\"MuiTableRow-root css-xxxxxxxx\\"><th scope=\\"row\\" class=\\"MuiTableCell-root MuiTableCell-body MuiTableCell-sizeMedium MuiTableCell-root css-xxxxxxxx\\"><button type=\\"button\\" class=\\"MuiButtonBase-root MuiButton-root MuiButton-contained MuiButton-containedPrimary MuiButton-sizeSmall MuiButton-containedSizeSmall MuiButton-root MuiButtonBase-root css-xxxxxxxx\\" title=\\"ステージング環境のリリース設定画面を開く\\" tabindex=\\"0\\">ステージング環境設定<span class=\\"MuiTouchRipple-root css-xxxxxxxx\\"></span></button></th><td class=\\"MuiTableCell-root MuiTableCell-body MuiTableCell-sizeMedium MuiTableCell-root css-xxxxxxxx\\"><p class=\\"MuiTypography-root MuiTypography-body1 MuiTypography-root css-xxxxxxxx\\">次回：foobarbaz<span role=\\"button\\" class=\\"MuiButtonBase-root MuiIconButton-root MuiIconButton-colorPrimary MuiIconButton-sizeSmall MuiIconButton-root MuiButtonBase-root css-xxxxxxxx\\" aria-label=\\"info\\" title=\\"前回：foobar | 2023-05-11 04:05\\" tabindex=\\"0\\"><svg aria-hidden=\\"true\\" viewBox=\\"0 0 24 24\\" focusable=\\"false\\" data-testid=\\"InfoIcon\\" class=\\"MuiSvgIcon-root MuiSvgIcon-fontSizeMedium MuiSvgIcon-root css-xxxxxxxx\\"><path d=\\"M0 0h24v24H0z\\" fill=\\"none\\"></path><path d=\\"M12 2C6.48 2 2 6.48 2 12s4.48 10 10 10 10-4.48 10-10S17.52 2 12 2zm1 15h-2v-6h2v6zm0-8h-2V7h2v2z\\"></path></svg><span class=\\"MuiTouchRipple-root css-xxxxxxxx\\"></span></span></p></td><td class=\\"MuiTableCell-root MuiTableCell-body MuiTableCell-sizeMedium MuiTableCell-root css-xxxxxxxx\\"><p class=\\"MuiTypography-root MuiTypography-body1 MuiTypography-root css-xxxxxxxx\\">次回：2023-05-15 04:05</p></td></tr><tr class=\\"MuiTableRow-root css-xxxxxxxx\\"><th scope=\\"row\\" class=\\"MuiTableCell-root MuiTableCell-body MuiTableCell-sizeMedium MuiTableCell-root css-xxxxxxxx\\"><button type=\\"button\\" class=\\"MuiButtonBase-root MuiButton-root MuiButton-contained MuiButton-containedPrimary MuiButton-sizeSmall MuiButton-containedSizeSmall MuiButton-root MuiButtonBase-root css-xxxxxxxx\\" title=\\"本番環境のリリース設定画面を開く\\" tabindex=\\"0\\">本番環境設定<span class=\\"MuiTouchRipple-root css-xxxxxxxx\\"></span></button></th><td class=\\"MuiTableCell-root MuiTableCell-body MuiTableCell-sizeMedium MuiTableCell-root css-xxxxxxxx\\"><p class=\\"MuiTypography-root MuiTypography-body1 MuiTypography-root css-xxxxxxxx\\">次回：hogefuga</p></td><td class=\\"MuiTableCell-root MuiTableCell-body MuiTableCell-sizeMedium MuiTableCell-root css-xxxxxxxx\\"><p class=\\"MuiTypography-root MuiTypography-body1 MuiTypography-root css-xxxxxxxx\\">次回：2023-05-17 23:05</p></td></tr></tbody></table></div></div></div>"`;

exports[`<UriSettingList /> > サービス選択あり・両方のリポジトリにレコードなし 1`] = `"<div aria-live=\\"polite\\" class=\\"MuiBox-root css-xxxxxxxx\\"><div class=\\"MuiStack-root css-xxxxxxxx\\"><h5 class=\\"MuiTypography-root MuiTypography-h5 MuiTypography-root css-xxxxxxxx\\"></h5><div aria-live=\\"polite\\" class=\\"MuiBox-root css-xxxxxxxx\\"><div>Loading...</div></div><h6 class=\\"MuiTypography-root MuiTypography-h6 MuiTypography-root css-xxxxxxxx\\">リポジトリにイメージがありません</h6></div></div>"`;

exports[`<UriSettingList /> > サービス選択なし・両方のリポジトリにレコードなし 1`] = `"<div aria-live=\\"polite\\" class=\\"MuiBox-root css-xxxxxxxx\\"><div class=\\"MuiStack-root css-xxxxxxxx\\"><h5 class=\\"MuiTypography-root MuiTypography-h5 MuiTypography-root css-xxxxxxxx\\"></h5><div aria-live=\\"polite\\" class=\\"MuiBox-root css-xxxxxxxx\\"><div>Loading...</div></div><h6 class=\\"MuiTypography-root MuiTypography-h6 MuiTypography-root css-xxxxxxxx\\">リリース対象サービスが未選択です</h6></div></div>"`;
